TEST:  refresh-stress
TEST DESCRIPTION:  Refresh with concurrent queries
PING testbed4.test.vivisimo.com (192.168.0.45) 56(84) bytes of data.
64 bytes from testbed4.test.vivisimo.com (192.168.0.45): icmp_seq=1 ttl=64 time=0.377 ms

--- testbed4.test.vivisimo.com ping statistics ---
1 packets transmitted, 1 received, 0% packet loss, time 0ms
rtt min/avg/max/mdev = 0.377/0.377/0.377/0.000 ms
Test begins ...
Query service is OK
COPY: /home/gaw/TESTENV/working/testenv/testrun/64bit/VTD_19374/VTD_11734/refresh-stress/6-1.refresh-stress-sharepoint.xml.stats
TO  : /home/gaw/TESTENV/working/testenv/testrun/64bit/VTD_19374/VTD_11734/refresh-stress/refresh-stress-sharepoint.xml.stats
COPY: /home/gaw/TESTENV/working/testenv/testrun/64bit/VTD_19374/VTD_11734/refresh-stress/6-1.refresh-stress-sharepoint.xml
TO  : /home/gaw/TESTENV/working/testenv/testrun/64bit/VTD_19374/VTD_11734/refresh-stress/refresh-stress-sharepoint.xml
COPY: /home/gaw/TESTENV/working/testenv/testrun/64bit/VTD_19374/VTD_11734/refresh-stress/6-1.refresh-stress-oracle.xml.stats
TO  : /home/gaw/TESTENV/working/testenv/testrun/64bit/VTD_19374/VTD_11734/refresh-stress/refresh-stress-oracle.xml.stats
COPY: /home/gaw/TESTENV/working/testenv/testrun/64bit/VTD_19374/VTD_11734/refresh-stress/6-1.refresh-stress-postgres.xml.stats
TO  : /home/gaw/TESTENV/working/testenv/testrun/64bit/VTD_19374/VTD_11734/refresh-stress/refresh-stress-postgres.xml.stats
COPY: /home/gaw/TESTENV/working/testenv/testrun/64bit/VTD_19374/VTD_11734/refresh-stress/6-1.refresh-stress-postgres.xml
TO  : /home/gaw/TESTENV/working/testenv/testrun/64bit/VTD_19374/VTD_11734/refresh-stress/refresh-stress-postgres.xml
COPY: /home/gaw/TESTENV/working/testenv/testrun/64bit/VTD_19374/VTD_11734/refresh-stress/6-1.refresh-stress-oracle.xml
TO  : /home/gaw/TESTENV/working/testenv/testrun/64bit/VTD_19374/VTD_11734/refresh-stress/refresh-stress-oracle.xml
SPEED:  slow
/testenv is mounted.  We can continue
ORACLE:  27851
POSTGRES:  27852
SHAREPOINT:  27853
SAMBA:  27854
Wait for test parts to complete.  This will be awhile
Even if you said fast, this will still take 25 minutes
Waiting ...
oracle refresh:  exit(0)
postgres refresh:  exit(0)
sharepoint refresh:  exit(0)
samba refresh:  exit(4)
refresh-stress:  Test Failed
Stop indexing (admin) for  refresh-stress-samba
Stop indexing (admin) for  refresh-stress-oracle
Stop indexing (admin) for  refresh-stress-postgres
Stop indexing (admin) for  refresh-stress-sharepoint
